[33mpwd(B[m
[35m< bash       (exited with 0)(B[m
[35m> minishell  (exited with 1)
(B[m[94m----- STDOUT -----(B[m
1c1,2
< /Users/Morgan/Dropbox/42/work/minishell/repo/minishell_unit_test
---
> Minishell (alkanaev & mroux). Welcome ! :>
> 
[94m----- STDERR -----(B[m
0a1
> /Users/Morgan/Dropbox/42/work/minishell/repo/minishell_unit_test $ /Users/Morgan/Dropbox/42/work/minishell/repo/minishell_unit_test $ /Users/Morgan/Dropbox/42/work/minishell/repo/minishell_unit_test $ exit


[33mpwd "useless argument"(B[m
[35m< bash       (exited with 0)(B[m
[35m> minishell  (exited with 1)
(B[m[94m----- STDOUT -----(B[m
1c1,5
< /Users/Morgan/Dropbox/42/work/minishell/repo/minishell_unit_test
---
> Minishell (alkanaev & mroux). Welcome ! :>
> 
> 
> 
> 
[94m----- STDERR -----(B[m
0a1
> /Users/Morgan/Dropbox/42/work/minishell/repo/minishell_unit_test $ /Users/Morgan/Dropbox/42/work/minishell/repo/minishell_unit_test $ /Users/Morgan/Dropbox/42/work/minishell/repo/minishell_unit_test $ /Users/Morgan/Dropbox/42/work/minishell/repo/minishell_unit_test $ /Users/Morgan/Dropbox/42/work/minishell/repo/minishell_unit_test $ exit


[33munset PWD ; pwd(B[m
[35m< bash       (exited with 0)(B[m
[35m> minishell  (exited with 1)
(B[m[94m----- STDOUT -----(B[m
1c1
< /Users/Morgan/Dropbox/42/work/minishell/repo/minishell_unit_test
---
> Minishell (alkanaev & mroux). Welcome ! :>
[94m----- STDERR -----(B[m
0a1
> /Users/Morgan/Dropbox/42/work/minishell/repo/minishell_unit_test $ exit


[33mecho | cat -e(B[m
[35m< bash       (exited with 0)(B[m
[35m> minishell  (exited with 1)
(B[m[94m----- STDOUT -----(B[m
1c1
< $
---
> Minishell (alkanaev & mroux). Welcome ! :>
[94m----- STDERR -----(B[m
0a1
> /Users/Morgan/Dropbox/42/work/minishell/repo/minishell_unit_test $ exit


[33mecho hola buenos dias | cat -e(B[m
[35m< bash       (exited with 0)(B[m
[35m> minishell  (exited with 1)
(B[m[94m----- STDOUT -----(B[m
1c1
< hola buenos dias$
---
> Minishell (alkanaev & mroux). Welcome ! :>
[94m----- STDERR -----(B[m
0a1
> /Users/Morgan/Dropbox/42/work/minishell/repo/minishell_unit_test $ exit


[33mecho -n hola que tal bocadillo digital | cat -e(B[m
[35m< bash       (exited with 0)(B[m
[35m> minishell  (exited with 1)
(B[m[94m----- STDOUT -----(B[m
1c1
< hola que tal bocadillo digital
\ No newline at end of file
---
> Minishell (alkanaev & mroux). Welcome ! :>
[94m----- STDERR -----(B[m
0a1
> /Users/Morgan/Dropbox/42/work/minishell/repo/minishell_unit_test $ exit


[33menv | grep USER(B[m
[35m< bash       (exited with 0)(B[m
[35m> minishell  (exited with 1)
(B[m[94m----- STDOUT -----(B[m
1,2c1
< USER=Morgan
< __CF_USER_TEXT_ENCODING=0x1F5:0x0:0x1
---
> Minishell (alkanaev & mroux). Welcome ! :>
[94m----- STDERR -----(B[m
0a1
> /Users/Morgan/Dropbox/42/work/minishell/repo/minishell_unit_test $ exit


[33mexport Z=z ; echo $Z(B[m
[35m< bash       (exited with 0)(B[m
[35m> minishell  (exited with 1)
(B[m[94m----- STDOUT -----(B[m
1c1
< z
---
> Minishell (alkanaev & mroux). Welcome ! :>
[94m----- STDERR -----(B[m
0a1
> /Users/Morgan/Dropbox/42/work/minishell/repo/minishell_unit_test $ exit


[33mexport A=a B=b C=c; echo $A$B$C(B[m
[35m< bash       (exited with 0)(B[m
[35m> minishell  (exited with 1)
(B[m[94m----- STDOUT -----(B[m
1c1
< abc
---
> Minishell (alkanaev & mroux). Welcome ! :>
[94m----- STDERR -----(B[m
0a1
> /Users/Morgan/Dropbox/42/work/minishell/repo/minishell_unit_test $ exit


[33mexport zz zzz= zzzz=asd ; echo $zz$zzz$zzzz; export | grep zz(B[m
[35m< bash       (exited with 0)(B[m
[35m> minishell  (exited with 1)
(B[m[94m----- STDOUT -----(B[m
1,4c1
< asd
< declare -x zz
< declare -x zzz=""
< declare -x zzzz="asd"
---
> Minishell (alkanaev & mroux). Welcome ! :>
[94m----- STDERR -----(B[m
0a1
> /Users/Morgan/Dropbox/42/work/minishell/repo/minishell_unit_test $ exit


[33mexport =a ; echo $a(B[m
[35m< bash       (exited with 0)(B[m
[35m> minishell  (exited with 1)
(B[m[94m----- STDOUT -----(B[m
1c1
< 
---
> Minishell (alkanaev & mroux). Welcome ! :>
[94m----- STDERR -----(B[m
1c1
< minishell: export: `=a': not a valid identifier
---
> /Users/Morgan/Dropbox/42/work/minishell/repo/minishell_unit_test $ exit


[33mexport /dont/export/this=hola ; export | grep /dont/export/this(B[m
[35m< bash       (exited with 1)(B[m
[35m> minishell  (exited with 1)
(B[m[94m----- STDOUT -----(B[m
0a1
> Minishell (alkanaev & mroux). Welcome ! :>
[94m----- STDERR -----(B[m
1c1
< minishell: export: `/dont/export/this=hola': not a valid identifier
---
> /Users/Morgan/Dropbox/42/work/minishell/repo/minishell_unit_test $ exit


[33mexport A=a=a=a=a=a; echo $A(B[m
[35m< bash       (exited with 0)(B[m
[35m> minishell  (exited with 1)
(B[m[94m----- STDOUT -----(B[m
1c1
< a=a=a=a=a
---
> Minishell (alkanaev & mroux). Welcome ! :>
[94m----- STDERR -----(B[m
0a1
> /Users/Morgan/Dropbox/42/work/minishell/repo/minishell_unit_test $ exit


[33mexport A B C; echo $A$B$C(B[m
[35m< bash       (exited with 0)(B[m
[35m> minishell  (exited with 1)
(B[m[94m----- STDOUT -----(B[m
1c1
< 
---
> Minishell (alkanaev & mroux). Welcome ! :>
[94m----- STDERR -----(B[m
0a1
> /Users/Morgan/Dropbox/42/work/minishell/repo/minishell_unit_test $ exit


[33mexport $(B[m
[35m< bash       (exited with 1)(B[m
[35m> minishell  (exited with 1)
(B[m[94m----- STDOUT -----(B[m
0a1
> Minishell (alkanaev & mroux). Welcome ! :>
[94m----- STDERR -----(B[m
1c1
< minishell: export: `$': not a valid identifier
---
> /Users/Morgan/Dropbox/42/work/minishell/repo/minishell_unit_test $ exit


[33mexport ?=42(B[m
[35m< bash       (exited with 1)(B[m
[35m> minishell  (exited with 1)
(B[m[94m----- STDOUT -----(B[m
0a1
> Minishell (alkanaev & mroux). Welcome ! :>
[94m----- STDERR -----(B[m
1c1
< minishell: export: `?=42': not a valid identifier
---
> /Users/Morgan/Dropbox/42/work/minishell/repo/minishell_unit_test $ exit


[33munset(B[m
[35m< bash       (exited with 0)(B[m
[35m> minishell  (exited with 1)
(B[m[94m----- STDOUT -----(B[m
0a1
> Minishell (alkanaev & mroux). Welcome ! :>
[94m----- STDERR -----(B[m
0a1
> /Users/Morgan/Dropbox/42/work/minishell/repo/minishell_unit_test $ exit


[33mexport A=a ; unset A ; echo $A(B[m
[35m< bash       (exited with 0)(B[m
[35m> minishell  (exited with 1)
(B[m[94m----- STDOUT -----(B[m
1c1
< 
---
> Minishell (alkanaev & mroux). Welcome ! :>
[94m----- STDERR -----(B[m
0a1
> /Users/Morgan/Dropbox/42/work/minishell/repo/minishell_unit_test $ exit


[33mexport A=a B=b C=c ; unset A asd B asd ; echo $A$B$C(B[m
[35m< bash       (exited with 0)(B[m
[35m> minishell  (exited with 1)
(B[m[94m----- STDOUT -----(B[m
1c1
< c
---
> Minishell (alkanaev & mroux). Welcome ! :>
[94m----- STDERR -----(B[m
0a1
> /Users/Morgan/Dropbox/42/work/minishell/repo/minishell_unit_test $ exit


[33mcd ; pwd(B[m
[35m< bash       (exited with 0)(B[m
[35m> minishell  (exited with 1)
(B[m[94m----- STDOUT -----(B[m
1c1
< /Users/Morgan
---
> Minishell (alkanaev & mroux). Welcome ! :>
[94m----- STDERR -----(B[m
0a1
> /Users/Morgan/Dropbox/42/work/minishell/repo/minishell_unit_test $ exit


[33munset HOME ; cd ; pwd(B[m
[35m< bash       (exited with 0)(B[m
[35m> minishell  (exited with 1)
(B[m[94m----- STDOUT -----(B[m
1c1
< /Users/Morgan/Dropbox/42/work/minishell/repo/minishell_unit_test
---
> Minishell (alkanaev & mroux). Welcome ! :>
[94m----- STDERR -----(B[m
1c1
< minishell: cd: HOME not set
---
> /Users/Morgan/Dropbox/42/work/minishell/repo/minishell_unit_test $ exit


[33mcd .; pwd(B[m
[35m< bash       (exited with 0)(B[m
[35m> minishell  (exited with 1)
(B[m[94m----- STDOUT -----(B[m
1c1
< /Users/Morgan/Dropbox/42/work/minishell/repo/minishell_unit_test
---
> Minishell (alkanaev & mroux). Welcome ! :>
[94m----- STDERR -----(B[m
0a1
> /Users/Morgan/Dropbox/42/work/minishell/repo/minishell_unit_test $ exit


[33mcd ..; pwd(B[m
[35m< bash       (exited with 0)(B[m
[35m> minishell  (exited with 1)
(B[m[94m----- STDOUT -----(B[m
1c1
< /Users/Morgan/Dropbox/42/work/minishell/repo
---
> Minishell (alkanaev & mroux). Welcome ! :>
[94m----- STDERR -----(B[m
0a1
> /Users/Morgan/Dropbox/42/work/minishell/repo/minishell_unit_test $ exit


[33mcd ..; echo $OLDPWD; pwd(B[m
[35m< bash       (exited with 0)(B[m
[35m> minishell  (exited with 1)
(B[m[94m----- STDOUT -----(B[m
1,2c1
< /Users/Morgan/Dropbox/42/work/minishell/repo/minishell_unit_test
< /Users/Morgan/Dropbox/42/work/minishell/repo
---
> Minishell (alkanaev & mroux). Welcome ! :>
[94m----- STDERR -----(B[m
0a1
> /Users/Morgan/Dropbox/42/work/minishell/repo/minishell_unit_test $ exit


[33munset OLDPWD; cd .. ; echo $OLDPWD; pwd(B[m
[35m< bash       (exited with 0)(B[m
[35m> minishell  (exited with 1)
(B[m[94m----- STDOUT -----(B[m
1,2c1
< /Users/Morgan/Dropbox/42/work/minishell/repo/minishell_unit_test
< /Users/Morgan/Dropbox/42/work/minishell/repo
---
> Minishell (alkanaev & mroux). Welcome ! :>
[94m----- STDERR -----(B[m
0a1
> /Users/Morgan/Dropbox/42/work/minishell/repo/minishell_unit_test $ exit


[33mcd ' /'; pwd(B[m
[35m< bash       (exited with 0)(B[m
[35m> minishell  (exited with 1)
(B[m[94m----- STDOUT -----(B[m
1c1
< /Users/Morgan/Dropbox/42/work/minishell/repo/minishell_unit_test
---
> Minishell (alkanaev & mroux). Welcome ! :>
[94m----- STDERR -----(B[m
1c1
< minishell: cd:  /: No such file or directory
---
> /Users/Morgan/Dropbox/42/work/minishell/repo/minishell_unit_test $ exit


[33mcd ../../ ; pwd(B[m
[35m< bash       (exited with 0)(B[m
[35m> minishell  (exited with 1)
(B[m[94m----- STDOUT -----(B[m
1c1
< /Users/Morgan/Dropbox/42/work/minishell
---
> Minishell (alkanaev & mroux). Welcome ! :>
[94m----- STDERR -----(B[m
0a1
> /Users/Morgan/Dropbox/42/work/minishell/repo/minishell_unit_test $ exit


[33mcd ../../../../../../.. ; pwd(B[m
[35m< bash       (exited with 0)(B[m
[35m> minishell  (exited with 1)
(B[m[94m----- STDOUT -----(B[m
1c1
< /Users
---
> Minishell (alkanaev & mroux). Welcome ! :>
[94m----- STDERR -----(B[m
0a1
> /Users/Morgan/Dropbox/42/work/minishell/repo/minishell_unit_test $ exit


[33mcd dirwithoutpermissions(B[m
[35m< bash       (exited with 0)(B[m
[35m> minishell  (exited with 1)
(B[m[94m----- STDOUT -----(B[m
0a1
> Minishell (alkanaev & mroux). Welcome ! :>
[94m----- STDERR -----(B[m
0a1
> /Users/Morgan/Dropbox/42/work/minishell/repo/minishell_unit_test $ exit


[33mexit(B[m
[35m< bash       (exited with 0)(B[m
[35m> minishell  (exited with 1)
(B[m[94m----- STDOUT -----(B[m
0a1
> Minishell (alkanaev & mroux). Welcome ! :>
[94m----- STDERR -----(B[m
0a1
> /Users/Morgan/Dropbox/42/work/minishell/repo/minishell_unit_test $ exit


[33mexit 42(B[m
[35m< bash       (exited with 42)(B[m
[35m> minishell  (exited with 1)
(B[m[94m----- STDOUT -----(B[m
0a1
> Minishell (alkanaev & mroux). Welcome ! :>
[94m----- STDERR -----(B[m
0a1
> /Users/Morgan/Dropbox/42/work/minishell/repo/minishell_unit_test $ exit


[33mexit -42(B[m
[35m< bash       (exited with 214)(B[m
[35m> minishell  (exited with 1)
(B[m[94m----- STDOUT -----(B[m
0a1
> Minishell (alkanaev & mroux). Welcome ! :>
[94m----- STDERR -----(B[m
0a1
> /Users/Morgan/Dropbox/42/work/minishell/repo/minishell_unit_test $ exit


[33mexit 512(B[m
[35m< bash       (exited with 0)(B[m
[35m> minishell  (exited with 1)
(B[m[94m----- STDOUT -----(B[m
0a1
> Minishell (alkanaev & mroux). Welcome ! :>
[94m----- STDERR -----(B[m
0a1
> /Users/Morgan/Dropbox/42/work/minishell/repo/minishell_unit_test $ exit


[33mexit 1407(B[m
[35m< bash       (exited with 127)(B[m
[35m> minishell  (exited with 1)
(B[m[94m----- STDOUT -----(B[m
0a1
> Minishell (alkanaev & mroux). Welcome ! :>
[94m----- STDERR -----(B[m
0a1
> /Users/Morgan/Dropbox/42/work/minishell/repo/minishell_unit_test $ exit


[33mexit 21 42(B[m
[35m< bash       (exited with 1)(B[m
[35m> minishell  (exited with 1)
(B[m[94m----- STDOUT -----(B[m
0a1
> Minishell (alkanaev & mroux). Welcome ! :>
[94m----- STDERR -----(B[m
1c1
< minishell: exit: too many arguments
---
> /Users/Morgan/Dropbox/42/work/minishell/repo/minishell_unit_test $ exit


[33mexit notanumber(B[m
[35m< bash       (exited with 255)(B[m
[35m> minishell  (exited with 1)
(B[m[94m----- STDOUT -----(B[m
0a1
> Minishell (alkanaev & mroux). Welcome ! :>
[94m----- STDERR -----(B[m
1c1
< minishell: exit: notanumber: numeric argument required
---
> /Users/Morgan/Dropbox/42/work/minishell/repo/minishell_unit_test $ exit


[33menv -i ./minishell: cd(B[m
[35m< bash       (exited with 1)(B[m
[35m> minishell  (exited with 1)
(B[m[94m----- STDOUT -----(B[m
0a1
> Minishell (alkanaev & mroux). Welcome ! :>
[94m----- STDERR -----(B[m
1c1
< minishell: cd: HOME not set
---
> /Users/Morgan/Dropbox/42/work/minishell/repo/minishell_unit_test $ exit


[33menv -i ./minishell: pwd(B[m
[35m< bash       (exited with 0)(B[m
[35m> minishell  (exited with 1)
(B[m[94m----- STDOUT -----(B[m
1c1
< /Users/Morgan/Dropbox/42/work/minishell/repo/minishell_unit_test
---
> Minishell (alkanaev & mroux). Welcome ! :>
[94m----- STDERR -----(B[m
0a1
> /Users/Morgan/Dropbox/42/work/minishell/repo/minishell_unit_test $ exit


[33menv -i ./minishell: echo $PWD(B[m
[35m< bash       (exited with 0)(B[m
[35m> minishell  (exited with 1)
(B[m[94m----- STDOUT -----(B[m
1c1
< /Users/Morgan/Dropbox/42/work/minishell/repo/minishell_unit_test
---
> Minishell (alkanaev & mroux). Welcome ! :>
[94m----- STDERR -----(B[m
0a1
> /Users/Morgan/Dropbox/42/work/minishell/repo/minishell_unit_test $ exit


[33menv -i ./minishell: cd .. ; echo $OLDPWD(B[m
[35m< bash       (exited with 0)(B[m
[35m> minishell  (exited with 1)
(B[m[94m----- STDOUT -----(B[m
1c1
< /Users/Morgan/Dropbox/42/work/minishell/repo/minishell_unit_test
---
> Minishell (alkanaev & mroux). Welcome ! :>
[94m----- STDERR -----(B[m
0a1
> /Users/Morgan/Dropbox/42/work/minishell/repo/minishell_unit_test $ exit


[33menv -i ./minishell: ./lscp(B[m
[35m< bash       (exited with 0)(B[m
[35m> minishell  (exited with 1)
(B[m[94m----- STDOUT -----(B[m
1,10c1
< diff.txt
< dir
< dirwithoutpermissions
< err1
< err2
< lscp
< minishell
< out1
< out2
< unit_test.sh
---
> Minishell (alkanaev & mroux). Welcome ! :>
[94m----- STDERR -----(B[m
0a1
> /Users/Morgan/Dropbox/42/work/minishell/repo/minishell_unit_test $ exit


[33mls(B[m
[35m< bash       (exited with 0)(B[m
[35m> minishell  (exited with 1)
(B[m[94m----- STDOUT -----(B[m
1,10c1
< diff.txt
< dir
< dirwithoutpermissions
< err1
< err2
< lscp
< minishell
< out1
< out2
< unit_test.sh
---
> Minishell (alkanaev & mroux). Welcome ! :>
[94m----- STDERR -----(B[m
0a1
> /Users/Morgan/Dropbox/42/work/minishell/repo/minishell_unit_test $ exit


[33m/bin/ls(B[m
[35m< bash       (exited with 0)(B[m
[35m> minishell  (exited with 1)
(B[m[94m----- STDOUT -----(B[m
1,10c1
< diff.txt
< dir
< dirwithoutpermissions
< err1
< err2
< lscp
< minishell
< out1
< out2
< unit_test.sh
---
> Minishell (alkanaev & mroux). Welcome ! :>
[94m----- STDERR -----(B[m
0a1
> /Users/Morgan/Dropbox/42/work/minishell/repo/minishell_unit_test $ exit


[33m./lscp(B[m
[35m< bash       (exited with 0)(B[m
[35m> minishell  (exited with 1)
(B[m[94m----- STDOUT -----(B[m
1,10c1
< diff.txt
< dir
< dirwithoutpermissions
< err1
< err2
< lscp
< minishell
< out1
< out2
< unit_test.sh
---
> Minishell (alkanaev & mroux). Welcome ! :>
[94m----- STDERR -----(B[m
0a1
> /Users/Morgan/Dropbox/42/work/minishell/repo/minishell_unit_test $ exit


[33mcd dir ; ../lscp(B[m
[35m< bash       (exited with 0)(B[m
[35m> minishell  (exited with 1)
(B[m[94m----- STDOUT -----(B[m
1c1
< encoreuneautredir
---
> Minishell (alkanaev & mroux). Welcome ! :>
[94m----- STDERR -----(B[m
0a1
> /Users/Morgan/Dropbox/42/work/minishell/repo/minishell_unit_test $ exit


[33mcd dir/encoreuneautredir ; ../../lscp(B[m
[35m< bash       (exited with 0)(B[m
[35m> minishell  (exited with 1)
(B[m[94m----- STDOUT -----(B[m
0a1
> Minishell (alkanaev & mroux). Welcome ! :>
[94m----- STDERR -----(B[m
0a1
> /Users/Morgan/Dropbox/42/work/minishell/repo/minishell_unit_test $ exit


[33mdf -h | head -2(B[m
[35m< bash       (exited with 0)(B[m
[35m> minishell  (exited with 1)
(B[m[94m----- STDOUT -----(B[m
1,2c1
< Filesystem      Size   Used  Avail Capacity     iused               ifree %iused  Mounted on
< /dev/disk1s1   362Gi  277Gi   80Gi    78%     4479485 9223372036850296322    0%   /
---
> Minishell (alkanaev & mroux). Welcome ! :>
[94m----- STDERR -----(B[m
0a1
> /Users/Morgan/Dropbox/42/work/minishell/repo/minishell_unit_test $ exit


[33m/(B[m
[35m< bash       (exited with 126)(B[m
[35m> minishell  (exited with 1)
(B[m[94m----- STDOUT -----(B[m
0a1
> Minishell (alkanaev & mroux). Welcome ! :>
[94m----- STDERR -----(B[m
1c1
< minishell: /: is a directory
---
> /Users/Morgan/Dropbox/42/work/minishell/repo/minishell_unit_test $ exit


[33m../(B[m
[35m< bash       (exited with 126)(B[m
[35m> minishell  (exited with 1)
(B[m[94m----- STDOUT -----(B[m
0a1
> Minishell (alkanaev & mroux). Welcome ! :>
[94m----- STDERR -----(B[m
1c1
< minishell: ../: is a directory
---
> /Users/Morgan/Dropbox/42/work/minishell/repo/minishell_unit_test $ exit


[33m/..(B[m
[35m< bash       (exited with 126)(B[m
[35m> minishell  (exited with 1)
(B[m[94m----- STDOUT -----(B[m
0a1
> Minishell (alkanaev & mroux). Welcome ! :>
[94m----- STDERR -----(B[m
1c1
< minishell: /..: is a directory
---
> /Users/Morgan/Dropbox/42/work/minishell/repo/minishell_unit_test $ exit


[33m..(B[m
[35m< bash       (exited with 127)(B[m
[35m> minishell  (exited with 1)
(B[m[94m----- STDOUT -----(B[m
0a1
> Minishell (alkanaev & mroux). Welcome ! :>
[94m----- STDERR -----(B[m
1c1
< minishell: ..: command not found
---
> /Users/Morgan/Dropbox/42/work/minishell/repo/minishell_unit_test $ exit


[33mls imnotaflag meneither(B[m
[35m< bash       (exited with 1)(B[m
[35m> minishell  (exited with 1)
(B[m[94m----- STDOUT -----(B[m
0a1
> Minishell (alkanaev & mroux). Welcome ! :>
[94m----- STDERR -----(B[m
1,2c1
< ls: imnotaflag: No such file or directory
< ls: meneither: No such file or directory
---
> /Users/Morgan/Dropbox/42/work/minishell/repo/minishell_unit_test $ exit


[33midontexist(B[m
[35m< bash       (exited with 127)(B[m
[35m> minishell  (exited with 1)
(B[m[94m----- STDOUT -----(B[m
0a1
> Minishell (alkanaev & mroux). Welcome ! :>
[94m----- STDERR -----(B[m
1c1
< minishell: idontexist: command not found
---
> /Users/Morgan/Dropbox/42/work/minishell/repo/minishell_unit_test $ exit


[33m./meneither(B[m
[35m< bash       (exited with 127)(B[m
[35m> minishell  (exited with 1)
(B[m[94m----- STDOUT -----(B[m
0a1
> Minishell (alkanaev & mroux). Welcome ! :>
[94m----- STDERR -----(B[m
1c1
< minishell: ./meneither: No such file or directory
---
> /Users/Morgan/Dropbox/42/work/minishell/repo/minishell_unit_test $ exit


[33m./dir(B[m
[35m< bash       (exited with 126)(B[m
[35m> minishell  (exited with 1)
(B[m[94m----- STDOUT -----(B[m
0a1
> Minishell (alkanaev & mroux). Welcome ! :>
[94m----- STDERR -----(B[m
1c1
< minishell: ./dir: is a directory
---
> /Users/Morgan/Dropbox/42/work/minishell/repo/minishell_unit_test $ exit


[33mtouch ucantexecme.e ; chmod 000 ucantexecme.e ; ./ucantexecme.e(B[m
[35m< bash       (exited with 126)(B[m
[35m> minishell  (exited with 1)
(B[m[94m----- STDOUT -----(B[m
0a1
> Minishell (alkanaev & mroux). Welcome ! :>
[94m----- STDERR -----(B[m
1c1
< minishell: ./ucantexecme.e: Permission denied
---
> /Users/Morgan/Dropbox/42/work/minishell/repo/minishell_unit_test $ exit


[33m;(B[m
[35m< bash       (exited with 2)(B[m
[35m> minishell  (exited with 1)
(B[m[94m----- STDOUT -----(B[m
0a1
> Minishell (alkanaev & mroux). Welcome ! :>
[94m----- STDERR -----(B[m
1,2c1
< minishell: -c: syntax error near unexpected token `;'
< minishell: -c: `;'
---
> /Users/Morgan/Dropbox/42/work/minishell/repo/minishell_unit_test $ exit


[33m|(B[m
[35m< bash       (exited with 2)(B[m
[35m> minishell  (exited with 1)
(B[m[94m----- STDOUT -----(B[m
0a1
> Minishell (alkanaev & mroux). Welcome ! :>
[94m----- STDERR -----(B[m
1,2c1
< minishell: -c: syntax error near unexpected token `|'
< minishell: -c: `|'
---
> /Users/Morgan/Dropbox/42/work/minishell/repo/minishell_unit_test $ exit


[33m|b(B[m
[35m< bash       (exited with 2)(B[m
[35m> minishell  (exited with 1)
(B[m[94m----- STDOUT -----(B[m
0a1
> Minishell (alkanaev & mroux). Welcome ! :>
[94m----- STDERR -----(B[m
1,2c1
< minishell: -c: syntax error near unexpected token `|'
< minishell: -c: `|b'
---
> /Users/Morgan/Dropbox/42/work/minishell/repo/minishell_unit_test $ exit


[33ma|||b(B[m
[35m< bash       (exited with 2)(B[m
[35m> minishell  (exited with 1)
(B[m[94m----- STDOUT -----(B[m
0a1
> Minishell (alkanaev & mroux). Welcome ! :>
[94m----- STDERR -----(B[m
1,2c1
< minishell: -c: syntax error near unexpected token `|'
< minishell: -c: `a|||b'
---
> /Users/Morgan/Dropbox/42/work/minishell/repo/minishell_unit_test $ exit


[33m> > a(B[m
[35m< bash       (exited with 2)(B[m
[35m> minishell  (exited with 1)
(B[m[94m----- STDOUT -----(B[m
0a1
> Minishell (alkanaev & mroux). Welcome ! :>
[94m----- STDERR -----(B[m
1,2c1
< minishell: -c: syntax error near unexpected token `>'
< minishell: -c: `> > a'
---
> /Users/Morgan/Dropbox/42/work/minishell/repo/minishell_unit_test $ exit


[33m< < a(B[m
[35m< bash       (exited with 2)(B[m
[35m> minishell  (exited with 1)
(B[m[94m----- STDOUT -----(B[m
0a1
> Minishell (alkanaev & mroux). Welcome ! :>
[94m----- STDERR -----(B[m
1,2c1
< minishell: -c: syntax error near unexpected token `<'
< minishell: -c: `< < a'
---
> /Users/Morgan/Dropbox/42/work/minishell/repo/minishell_unit_test $ exit


[33m< >> a(B[m
[35m< bash       (exited with 2)(B[m
[35m> minishell  (exited with 1)
(B[m[94m----- STDOUT -----(B[m
0a1
> Minishell (alkanaev & mroux). Welcome ! :>
[94m----- STDERR -----(B[m
1,2c1
< minishell: -c: syntax error near unexpected token `>>'
< minishell: -c: `< >> a'
---
> /Users/Morgan/Dropbox/42/work/minishell/repo/minishell_unit_test $ exit


[33m>>> a(B[m
[35m< bash       (exited with 2)(B[m
[35m> minishell  (exited with 1)
(B[m[94m----- STDOUT -----(B[m
0a1
> Minishell (alkanaev & mroux). Welcome ! :>
[94m----- STDERR -----(B[m
1,2c1
< minishell: -c: syntax error near unexpected token `>'
< minishell: -c: `>>> a'
---
> /Users/Morgan/Dropbox/42/work/minishell/repo/minishell_unit_test $ exit


[33m<<<< a(B[m
[35m< bash       (exited with 2)(B[m
[35m> minishell  (exited with 1)
(B[m[94m----- STDOUT -----(B[m
0a1
> Minishell (alkanaev & mroux). Welcome ! :>
[94m----- STDERR -----(B[m
1,2c1
< minishell: -c: syntax error near unexpected token `<'
< minishell: -c: `<<<< a'
---
> /Users/Morgan/Dropbox/42/work/minishell/repo/minishell_unit_test $ exit


[33ma<<<<(B[m
[35m< bash       (exited with 2)(B[m
[35m> minishell  (exited with 1)
(B[m[94m----- STDOUT -----(B[m
0a1
> Minishell (alkanaev & mroux). Welcome ! :>
[94m----- STDERR -----(B[m
1,2c1
< minishell: -c: syntax error near unexpected token `<'
< minishell: -c: `a<<<<'
---
> /Users/Morgan/Dropbox/42/work/minishell/repo/minishell_unit_test $ exit


[33mpwd >;(B[m
[35m< bash       (exited with 2)(B[m
[35m> minishell  (exited with 1)
(B[m[94m----- STDOUT -----(B[m
0a1
> Minishell (alkanaev & mroux). Welcome ! :>
[94m----- STDERR -----(B[m
1,2c1
< minishell: -c: syntax error near unexpected token `;'
< minishell: -c: `pwd >;'
---
> /Users/Morgan/Dropbox/42/work/minishell/repo/minishell_unit_test $ exit


[33m;pwd(B[m
[35m< bash       (exited with 2)(B[m
[35m> minishell  (exited with 1)
(B[m[94m----- STDOUT -----(B[m
0a1
> Minishell (alkanaev & mroux). Welcome ! :>
[94m----- STDERR -----(B[m
1,2c1
< minishell: -c: syntax error near unexpected token `;'
< minishell: -c: `;pwd'
---
> /Users/Morgan/Dropbox/42/work/minishell/repo/minishell_unit_test $ exit


[33mpwd ;;(B[m
[35m< bash       (exited with 2)(B[m
[35m> minishell  (exited with 1)
(B[m[94m----- STDOUT -----(B[m
0a1
> Minishell (alkanaev & mroux). Welcome ! :>
[94m----- STDERR -----(B[m
1,2c1
< minishell: -c: syntax error near unexpected token `;;'
< minishell: -c: `pwd ;;'
---
> /Users/Morgan/Dropbox/42/work/minishell/repo/minishell_unit_test $ exit


[33mecho "$HOME"(B[m
[35m< bash       (exited with 0)(B[m
[35m> minishell  (exited with 1)
(B[m[94m----- STDOUT -----(B[m
1c1
< /Users/Morgan
---
> Minishell (alkanaev & mroux). Welcome ! :>
[94m----- STDERR -----(B[m
0a1
> /Users/Morgan/Dropbox/42/work/minishell/repo/minishell_unit_test $ exit


[33mecho '$HOME'(B[m
[35m< bash       (exited with 0)(B[m
[35m> minishell  (exited with 1)
(B[m[94m----- STDOUT -----(B[m
1c1
< $HOME
---
> Minishell (alkanaev & mroux). Welcome ! :>
[94m----- STDERR -----(B[m
0a1
> /Users/Morgan/Dropbox/42/work/minishell/repo/minishell_unit_test $ exit


[33mecho ' "$HOME" '(B[m
[35m< bash       (exited with 0)(B[m
[35m> minishell  (exited with 1)
(B[m[94m----- STDOUT -----(B[m
1c1
<  "$HOME" 
---
> Minishell (alkanaev & mroux). Welcome ! :>
[94m----- STDERR -----(B[m
0a1
> /Users/Morgan/Dropbox/42/work/minishell/repo/minishell_unit_test $ exit


[33mecho "'$HOME'"(B[m
[35m< bash       (exited with 0)(B[m
[35m> minishell  (exited with 1)
(B[m[94m----- STDOUT -----(B[m
1c1
< '/Users/Morgan'
---
> Minishell (alkanaev & mroux). Welcome ! :>
[94m----- STDERR -----(B[m
0a1
> /Users/Morgan/Dropbox/42/work/minishell/repo/minishell_unit_test $ exit


[33mecho " '$PWD' \"$PWD\" '$PWD' "(B[m
[35m< bash       (exited with 0)(B[m
[35m> minishell  (exited with 1)
(B[m[94m----- STDOUT -----(B[m
1c1
<  '/Users/Morgan/Dropbox/42/work/minishell/repo/minishell_unit_test' "/Users/Morgan/Dropbox/42/work/minishell/repo/minishell_unit_test" '/Users/Morgan/Dropbox/42/work/minishell/repo/minishell_unit_test' 
---
> Minishell (alkanaev & mroux). Welcome ! :>
[94m----- STDERR -----(B[m
0a1
> /Users/Morgan/Dropbox/42/work/minishell/repo/minishell_unit_test $ exit


[33mecho "\$HOME"(B[m
[35m< bash       (exited with 0)(B[m
[35m> minishell  (exited with 1)
(B[m[94m----- STDOUT -----(B[m
1c1
< $HOME
---
> Minishell (alkanaev & mroux). Welcome ! :>
[94m----- STDERR -----(B[m
0a1
> /Users/Morgan/Dropbox/42/work/minishell/repo/minishell_unit_test $ exit


[33mecho "'$'"(B[m
[35m< bash       (exited with 0)(B[m
[35m> minishell  (exited with 1)
(B[m[94m----- STDOUT -----(B[m
1c1
< '$'
---
> Minishell (alkanaev & mroux). Welcome ! :>
[94m----- STDERR -----(B[m
0a1
> /Users/Morgan/Dropbox/42/work/minishell/repo/minishell_unit_test $ exit


[33mecho \\\n(B[m
[35m< bash       (exited with 0)(B[m
[35m> minishell  (exited with 1)
(B[m[94m----- STDOUT -----(B[m
1c1
< \n
---
> Minishell (alkanaev & mroux). Welcome ! :>
[94m----- STDERR -----(B[m
0a1
> /Users/Morgan/Dropbox/42/work/minishell/repo/minishell_unit_test $ exit


[33mecho "< no pipe | or semicolon will ; stop me >"(B[m
[35m< bash       (exited with 0)(B[m
[35m> minishell  (exited with 1)
(B[m[94m----- STDOUT -----(B[m
1c1
< < no pipe | or semicolon will ; stop me >
---
> Minishell (alkanaev & mroux). Welcome ! :>
[94m----- STDERR -----(B[m
0a1
> /Users/Morgan/Dropbox/42/work/minishell/repo/minishell_unit_test $ exit


[33mbash -c "I am not a command" "Im the program name"(B[m
[35m< bash       (exited with 127)(B[m
[35m> minishell  (exited with 1)
(B[m[94m----- STDOUT -----(B[m
0a1
> Minishell (alkanaev & mroux). Welcome ! :>
[94m----- STDERR -----(B[m
1c1
< Im the program name: I: command not found
---
> /Users/Morgan/Dropbox/42/work/minishell/repo/minishell_unit_test $ exit


[33mpwd" should not work"(B[m
[35m< bash       (exited with 127)(B[m
[35m> minishell  (exited with 1)
(B[m[94m----- STDOUT -----(B[m
0a1
> Minishell (alkanaev & mroux). Welcome ! :>
[94m----- STDERR -----(B[m
1c1
< minishell: pwd should not work: command not found
---
> /Users/Morgan/Dropbox/42/work/minishell/repo/minishell_unit_test $ exit


[33mecho\" should not work neiter\"(B[m
[35m< bash       (exited with 127)(B[m
[35m> minishell  (exited with 1)
(B[m[94m----- STDOUT -----(B[m
0a1
> Minishell (alkanaev & mroux). Welcome ! :>
[94m----- STDERR -----(B[m
1c1
< minishell: echo": command not found
---
> /Users/Morgan/Dropbox/42/work/minishell/repo/minishell_unit_test $ exit


[33mecho 5 + 3 | bc(B[m
[35m< bash       (exited with 0)(B[m
[35m> minishell  (exited with 1)
(B[m[94m----- STDOUT -----(B[m
1c1
< 8
---
> Minishell (alkanaev & mroux). Welcome ! :>
[94m----- STDERR -----(B[m
0a1
> /Users/Morgan/Dropbox/42/work/minishell/repo/minishell_unit_test $ exit


[33mls | wc | wc -l | bc(B[m
[35m< bash       (exited with 0)(B[m
[35m> minishell  (exited with 1)
(B[m[94m----- STDOUT -----(B[m
1c1
< 1
---
> Minishell (alkanaev & mroux). Welcome ! :>
[94m----- STDERR -----(B[m
0a1
> /Users/Morgan/Dropbox/42/work/minishell/repo/minishell_unit_test $ exit


[33mecho "cat traveler" | cat | cat | cat | cat | cat | cat(B[m
[35m< bash       (exited with 0)(B[m
[35m> minishell  (exited with 1)
(B[m[94m----- STDOUT -----(B[m
1c1
< cat traveler
---
> Minishell (alkanaev & mroux). Welcome ! :>
[94m----- STDERR -----(B[m
0a1
> /Users/Morgan/Dropbox/42/work/minishell/repo/minishell_unit_test $ exit


[33m> a ; ls(B[m
[35m< bash       (exited with 0)(B[m
[35m> minishell  (exited with 1)
(B[m[94m----- STDOUT -----(B[m
1,12c1
< a
< diff.txt
< dir
< dirwithoutpermissions
< err1
< err2
< lscp
< minishell
< out1
< out2
< ucantexecme.e
< unit_test.sh
---
> Minishell (alkanaev & mroux). Welcome ! :>
[94m----- STDERR -----(B[m
0a1
> /Users/Morgan/Dropbox/42/work/minishell/repo/minishell_unit_test $ exit


[33mpwd > a ; cat a(B[m
[35m< bash       (exited with 0)(B[m
[35m> minishell  (exited with 1)
(B[m[94m----- STDOUT -----(B[m
1c1
< /Users/Morgan/Dropbox/42/work/minishell/repo/minishell_unit_test
---
> Minishell (alkanaev & mroux). Welcome ! :>
[94m----- STDERR -----(B[m
0a1
> /Users/Morgan/Dropbox/42/work/minishell/repo/minishell_unit_test $ exit


[33mls > a -f ; cat a(B[m
[35m< bash       (exited with 0)(B[m
[35m> minishell  (exited with 1)
(B[m[94m----- STDOUT -----(B[m
1,14c1
< .
< ..
< err2
< out1
< ucantexecme.e
< dirwithoutpermissions
< lscp
< diff.txt
< a
< out2
< minishell
< err1
< unit_test.sh
< dir
---
> Minishell (alkanaev & mroux). Welcome ! :>
[94m----- STDERR -----(B[m
0a1
> /Users/Morgan/Dropbox/42/work/minishell/repo/minishell_unit_test $ exit


[33mecho entre el clavel y la rosa > a su majestad es coja; cat a(B[m
[35m< bash       (exited with 0)(B[m
[35m> minishell  (exited with 1)
(B[m[94m----- STDOUT -----(B[m
1c1
< entre el clavel y la rosa su majestad es coja
---
> Minishell (alkanaev & mroux). Welcome ! :>
[94m----- STDERR -----(B[m
0a1
> /Users/Morgan/Dropbox/42/work/minishell/repo/minishell_unit_test $ exit


[33m> a echo cucu cantaba la rana; cat a(B[m
[35m< bash       (exited with 0)(B[m
[35m> minishell  (exited with 1)
(B[m[94m----- STDOUT -----(B[m
1c1
< cucu cantaba la rana
---
> Minishell (alkanaev & mroux). Welcome ! :>
[94m----- STDERR -----(B[m
0a1
> /Users/Morgan/Dropbox/42/work/minishell/repo/minishell_unit_test $ exit


[33mecho "redirection party trick" > a > b > c > d ; ls ; cat d(B[m
[35m< bash       (exited with 0)(B[m
[35m> minishell  (exited with 1)
(B[m[94m----- STDOUT -----(B[m
1,16c1
< a
< b
< c
< d
< diff.txt
< dir
< dirwithoutpermissions
< err1
< err2
< lscp
< minishell
< out1
< out2
< ucantexecme.e
< unit_test.sh
< redirection party trick
---
> Minishell (alkanaev & mroux). Welcome ! :>
[94m----- STDERR -----(B[m
0a1
> /Users/Morgan/Dropbox/42/work/minishell/repo/minishell_unit_test $ exit


[33mnotacommand > a(B[m
[35m< bash       (exited with 127)(B[m
[35m> minishell  (exited with 1)
(B[m[94m----- STDOUT -----(B[m
0a1
> Minishell (alkanaev & mroux). Welcome ! :>
[94m----- STDERR -----(B[m
1c1
< minishell: notacommand: command not found
---
> /Users/Morgan/Dropbox/42/work/minishell/repo/minishell_unit_test $ exit


[33mpwd > dir(B[m
[35m< bash       (exited with 1)(B[m
[35m> minishell  (exited with 1)
(B[m[94m----- STDOUT -----(B[m
0a1
> Minishell (alkanaev & mroux). Welcome ! :>
[94m----- STDERR -----(B[m
1c1
< minishell: dir: Is a directory
---
> /Users/Morgan/Dropbox/42/work/minishell/repo/minishell_unit_test $ exit


[33mls > a imnotaflag meneither(B[m
[35m< bash       (exited with 1)(B[m
[35m> minishell  (exited with 1)
(B[m[94m----- STDOUT -----(B[m
0a1
> Minishell (alkanaev & mroux). Welcome ! :>
[94m----- STDERR -----(B[m
1,2c1
< ls: imnotaflag: No such file or directory
< ls: meneither: No such file or directory
---
> /Users/Morgan/Dropbox/42/work/minishell/repo/minishell_unit_test $ exit


[33m>> a; ls(B[m
[35m< bash       (exited with 0)(B[m
[35m> minishell  (exited with 1)
(B[m[94m----- STDOUT -----(B[m
1,12c1
< a
< diff.txt
< dir
< dirwithoutpermissions
< err1
< err2
< lscp
< minishell
< out1
< out2
< ucantexecme.e
< unit_test.sh
---
> Minishell (alkanaev & mroux). Welcome ! :>
[94m----- STDERR -----(B[m
0a1
> /Users/Morgan/Dropbox/42/work/minishell/repo/minishell_unit_test $ exit


[33mpwd >> a; cat a(B[m
[35m< bash       (exited with 0)(B[m
[35m> minishell  (exited with 1)
(B[m[94m----- STDOUT -----(B[m
1c1
< /Users/Morgan/Dropbox/42/work/minishell/repo/minishell_unit_test
---
> Minishell (alkanaev & mroux). Welcome ! :>
[94m----- STDERR -----(B[m
0a1
> /Users/Morgan/Dropbox/42/work/minishell/repo/minishell_unit_test $ exit


[33mecho double the redirection double the fun >> a ; cat a(B[m
[35m< bash       (exited with 0)(B[m
[35m> minishell  (exited with 1)
(B[m[94m----- STDOUT -----(B[m
1c1
< double the redirection double the fun
---
> Minishell (alkanaev & mroux). Welcome ! :>
[94m----- STDERR -----(B[m
0a1
> /Users/Morgan/Dropbox/42/work/minishell/repo/minishell_unit_test $ exit


[33mpwd >> a ; echo apendicitis >> a ; cat a(B[m
[35m< bash       (exited with 0)(B[m
[35m> minishell  (exited with 1)
(B[m[94m----- STDOUT -----(B[m
1,2c1
< /Users/Morgan/Dropbox/42/work/minishell/repo/minishell_unit_test
< apendicitis
---
> Minishell (alkanaev & mroux). Welcome ! :>
[94m----- STDERR -----(B[m
0a1
> /Users/Morgan/Dropbox/42/work/minishell/repo/minishell_unit_test $ exit


[33mpwd >> a ; ls >> a -f ; cat a(B[m
[35m< bash       (exited with 0)(B[m
[35m> minishell  (exited with 1)
(B[m[94m----- STDOUT -----(B[m
1,15c1
< /Users/Morgan/Dropbox/42/work/minishell/repo/minishell_unit_test
< .
< ..
< err2
< out1
< ucantexecme.e
< dirwithoutpermissions
< lscp
< diff.txt
< a
< out2
< minishell
< err1
< unit_test.sh
< dir
---
> Minishell (alkanaev & mroux). Welcome ! :>
[94m----- STDERR -----(B[m
0a1
> /Users/Morgan/Dropbox/42/work/minishell/repo/minishell_unit_test $ exit


[33mecho entre el clavel y la rosa >> a su majestad es coja ; cat a(B[m
[35m< bash       (exited with 0)(B[m
[35m> minishell  (exited with 1)
(B[m[94m----- STDOUT -----(B[m
1c1
< entre el clavel y la rosa su majestad es coja
---
> Minishell (alkanaev & mroux). Welcome ! :>
[94m----- STDERR -----(B[m
0a1
> /Users/Morgan/Dropbox/42/work/minishell/repo/minishell_unit_test $ exit


[33m>> a echo cucu cantaba la rana; cat a(B[m
[35m< bash       (exited with 0)(B[m
[35m> minishell  (exited with 1)
(B[m[94m----- STDOUT -----(B[m
1c1
< cucu cantaba la rana
---
> Minishell (alkanaev & mroux). Welcome ! :>
[94m----- STDERR -----(B[m
0a1
> /Users/Morgan/Dropbox/42/work/minishell/repo/minishell_unit_test $ exit


[33mecho "party trick x2" >> a >> b >> c >> d ; ls ; cat d(B[m
[35m< bash       (exited with 0)(B[m
[35m> minishell  (exited with 1)
(B[m[94m----- STDOUT -----(B[m
1,16c1
< a
< b
< c
< d
< diff.txt
< dir
< dirwithoutpermissions
< err1
< err2
< lscp
< minishell
< out1
< out2
< ucantexecme.e
< unit_test.sh
< party trick x2
---
> Minishell (alkanaev & mroux). Welcome ! :>
[94m----- STDERR -----(B[m
0a1
> /Users/Morgan/Dropbox/42/work/minishell/repo/minishell_unit_test $ exit


[33mnotacommand >> a(B[m
[35m< bash       (exited with 127)(B[m
[35m> minishell  (exited with 1)
(B[m[94m----- STDOUT -----(B[m
0a1
> Minishell (alkanaev & mroux). Welcome ! :>
[94m----- STDERR -----(B[m
1c1
< minishell: notacommand: command not found
---
> /Users/Morgan/Dropbox/42/work/minishell/repo/minishell_unit_test $ exit


[33mpwd >> dir(B[m
[35m< bash       (exited with 1)(B[m
[35m> minishell  (exited with 1)
(B[m[94m----- STDOUT -----(B[m
0a1
> Minishell (alkanaev & mroux). Welcome ! :>
[94m----- STDERR -----(B[m
1c1
< minishell: dir: Is a directory
---
> /Users/Morgan/Dropbox/42/work/minishell/repo/minishell_unit_test $ exit


[33mls >> a imnotaflag meneither(B[m
[35m< bash       (exited with 1)(B[m
[35m> minishell  (exited with 1)
(B[m[94m----- STDOUT -----(B[m
0a1
> Minishell (alkanaev & mroux). Welcome ! :>
[94m----- STDERR -----(B[m
1,2c1
< ls: imnotaflag: No such file or directory
< ls: meneither: No such file or directory
---
> /Users/Morgan/Dropbox/42/work/minishell/repo/minishell_unit_test $ exit


[33mtouch a ; < a(B[m
[35m< bash       (exited with 0)(B[m
[35m> minishell  (exited with 1)
(B[m[94m----- STDOUT -----(B[m
0a1
> Minishell (alkanaev & mroux). Welcome ! :>
[94m----- STDERR -----(B[m
0a1
> /Users/Morgan/Dropbox/42/work/minishell/repo/minishell_unit_test $ exit


[33mecho pim pam > pum ; cat < pum(B[m
[35m< bash       (exited with 0)(B[m
[35m> minishell  (exited with 1)
(B[m[94m----- STDOUT -----(B[m
1c1
< pim pam
---
> Minishell (alkanaev & mroux). Welcome ! :>
[94m----- STDERR -----(B[m
0a1
> /Users/Morgan/Dropbox/42/work/minishell/repo/minishell_unit_test $ exit


[33mecho ayayay > a; echo im a butterfly > b ; cat < a < b(B[m
[35m< bash       (exited with 0)(B[m
[35m> minishell  (exited with 1)
(B[m[94m----- STDOUT -----(B[m
1c1
< im a butterfly
---
> Minishell (alkanaev & mroux). Welcome ! :>
[94m----- STDERR -----(B[m
0a1
> /Users/Morgan/Dropbox/42/work/minishell/repo/minishell_unit_test $ exit


[33mtouch a b c; echo sorry > d; cat < a < b < c < d(B[m
[35m< bash       (exited with 0)(B[m
[35m> minishell  (exited with 1)
(B[m[94m----- STDOUT -----(B[m
1c1
< sorry
---
> Minishell (alkanaev & mroux). Welcome ! :>
[94m----- STDERR -----(B[m
0a1
> /Users/Morgan/Dropbox/42/work/minishell/repo/minishell_unit_test $ exit


[33mecho ayayay > a ; cat < doesnotexist < a(B[m
[35m< bash       (exited with 1)(B[m
[35m> minishell  (exited with 1)
(B[m[94m----- STDOUT -----(B[m
0a1
> Minishell (alkanaev & mroux). Welcome ! :>
[94m----- STDERR -----(B[m
1c1
< minishell: doesnotexist: No such file or directory
---
> /Users/Morgan/Dropbox/42/work/minishell/repo/minishell_unit_test $ exit


[33m< doesnotexist(B[m
[35m< bash       (exited with 1)(B[m
[35m> minishell  (exited with 1)
(B[m[94m----- STDOUT -----(B[m
0a1
> Minishell (alkanaev & mroux). Welcome ! :>
[94m----- STDERR -----(B[m
1c1
< minishell: doesnotexist: No such file or directory
---
> /Users/Morgan/Dropbox/42/work/minishell/repo/minishell_unit_test $ exit


[33mcat < doesnotexist(B[m
[35m< bash       (exited with 1)(B[m
[35m> minishell  (exited with 1)
(B[m[94m----- STDOUT -----(B[m
0a1
> Minishell (alkanaev & mroux). Welcome ! :>
[94m----- STDERR -----(B[m
1c1
< minishell: doesnotexist: No such file or directory
---
> /Users/Morgan/Dropbox/42/work/minishell/repo/minishell_unit_test $ exit


[33mcat < dir(B[m
[35m< bash       (exited with 1)(B[m
[35m> minishell  (exited with 1)
(B[m[94m----- STDOUT -----(B[m
0a1
> Minishell (alkanaev & mroux). Welcome ! :>
[94m----- STDERR -----(B[m
1c1
< cat: stdin: Is a directory
---
> /Users/Morgan/Dropbox/42/work/minishell/repo/minishell_unit_test $ exit


